130354946
156384801
158774800
169555076
169555076
195823001
204606417
209364868
209622114
214294022
235070033
240296973
244276418
253786623
268311130
277512955
283763766
284244290
287788898
290572424
294331083
310017551
312005876
317217217
320128407
329117880
336108486
356666445
361659495
375591141
376751696
382804481
392270006
423521081
429514399
434023959
436423354
439001974
451729252
460769367
468149333
481928803
486563892
493709225
505747989
514638622
519780090
529283796
540655270
547013621
548058271
548539079
572837366
581155193
584033542
592772125
596875996
607967944
609746070
611851126
616252654
625941742
630927179
631277708
636968411
638065337
641216841
655487946
676328153
692349759
710167943
715832623
739023387
764773176
773574204
773679817
774632100
789989905
790356915
793915381
806761351
833000549
839272700
840572918
863498872
925393428
943925373
944477096
944857760
948656792
949700339
956916150
962454214
972869692
978215372
980222611
981249847
985600187
989901694
993939058
