beg bra bra. brg experiencg growg md mdful, mdful. mdfulness remodelg showg somethg tra 
