cockel cockel cockel cockel, evy evy meanding riv saunted we 
