Befe Shtly befe do, do, effts f f f fced me. nmal nmal! nrrrorrooogh! nrrrrorroogh! nrrrrorrroogh! po sning: sry sty visit visit. 
