46 43 2 3 4 41 49 7 37 9 10 11 36 32 14 30 29 17 27 26 25 23 22 6 24 20 19 18 28 16 15 31 13 33 34 35 12 8 38 39 40 5 42 1 44 45 0 47 48 21 
