life is what happens when you are busy making other plans 
