The greatest gift of life is friendship, and I have received it. Hubert H. Humphrey. 
